Timing Analyzer report for stepper_motor
Thu Jan 23 02:03:40 2020
Quartus Prime Version 18.0.0 Build 614 04/24/2018 SJ Lite Edition


---------------------
; Table of Contents ;
---------------------
  1. Legal Notice
  2. Timing Analyzer Summary
  3. Parallel Compilation
  4. Clocks
  5. Slow 1100mV 85C Model Fmax Summary
  6. Timing Closure Recommendations
  7. Slow 1100mV 85C Model Setup Summary
  8. Slow 1100mV 85C Model Hold Summary
  9. Slow 1100mV 85C Model Recovery Summary
 10. Slow 1100mV 85C Model Removal Summary
 11. Slow 1100mV 85C Model Minimum Pulse Width Summary
 12. Slow 1100mV 85C Model Metastability Summary
 13. Slow 1100mV 0C Model Fmax Summary
 14. Slow 1100mV 0C Model Setup Summary
 15. Slow 1100mV 0C Model Hold Summary
 16. Slow 1100mV 0C Model Recovery Summary
 17. Slow 1100mV 0C Model Removal Summary
 18. Slow 1100mV 0C Model Minimum Pulse Width Summary
 19. Slow 1100mV 0C Model Metastability Summary
 20. Fast 1100mV 85C Model Setup Summary
 21. Fast 1100mV 85C Model Hold Summary
 22. Fast 1100mV 85C Model Recovery Summary
 23. Fast 1100mV 85C Model Removal Summary
 24. Fast 1100mV 85C Model Minimum Pulse Width Summary
 25. Fast 1100mV 85C Model Metastability Summary
 26. Fast 1100mV 0C Model Setup Summary
 27. Fast 1100mV 0C Model Hold Summary
 28. Fast 1100mV 0C Model Recovery Summary
 29. Fast 1100mV 0C Model Removal Summary
 30. Fast 1100mV 0C Model Minimum Pulse Width Summary
 31. Fast 1100mV 0C Model Metastability Summary
 32. Multicorner Timing Analysis Summary
 33. Board Trace Model Assignments
 34. Input Transition Times
 35. Signal Integrity Metrics (Slow 1100mv 0c Model)
 36. Signal Integrity Metrics (Slow 1100mv 85c Model)
 37. Signal Integrity Metrics (Fast 1100mv 0c Model)
 38. Signal Integrity Metrics (Fast 1100mv 85c Model)
 39. Setup Transfers
 40. Hold Transfers
 41. Recovery Transfers
 42. Removal Transfers
 43. Report TCCS
 44. Report RSKM
 45. Unconstrained Paths Summary
 46. Clock Status Summary
 47. Unconstrained Input Ports
 48. Unconstrained Output Ports
 49. Unconstrained Input Ports
 50. Unconstrained Output Ports
 51. Timing Analyzer Messages



----------------
; Legal Notice ;
----------------
Copyright (C) 2018  Intel Corporation. All rights reserved.
Your use of Intel Corporation's design tools, logic functions 
and other software and tools, and its AMPP partner logic 
functions, and any output files from any of the foregoing 
(including device programming or simulation files), and any 
associated documentation or information are expressly subject 
to the terms and conditions of the Intel Program License 
Subscription Agreement, the Intel Quartus Prime License Agreement,
the Intel FPGA IP License Agreement, or other applicable license
agreement, including, without limitation, that your use is for
the sole purpose of programming logic devices manufactured by
Intel and sold by Intel or its authorized distributors.  Please
refer to the applicable agreement for further details.



+-----------------------------------------------------------------------------+
; Timing Analyzer Summary                                                     ;
+-----------------------+-----------------------------------------------------+
; Quartus Prime Version ; Version 18.0.0 Build 614 04/24/2018 SJ Lite Edition ;
; Timing Analyzer       ; Legacy Timing Analyzer                              ;
; Revision Name         ; stepper_motor                                       ;
; Device Family         ; Cyclone V                                           ;
; Device Name           ; 5CSEMA5F31C6                                        ;
; Timing Models         ; Final                                               ;
; Delay Model           ; Combined                                            ;
; Rise/Fall Delays      ; Enabled                                             ;
+-----------------------+-----------------------------------------------------+


+------------------------------------------+
; Parallel Compilation                     ;
+----------------------------+-------------+
; Processors                 ; Number      ;
+----------------------------+-------------+
; Number detected on machine ; 8           ;
; Maximum allowed            ; 4           ;
;                            ;             ;
; Average used               ; 1.06        ;
; Maximum used               ; 4           ;
;                            ;             ;
; Usage by Processor         ; % Time Used ;
;     Processor 1            ; 100.0%      ;
;     Processor 2            ;   2.1%      ;
;     Processor 3            ;   2.1%      ;
;     Processor 4            ;   2.0%      ;
+----------------------------+-------------+


+----------------------------------------------------------------------------------------------------------------------------------------------------------------------------------------------------------------+
; Clocks                                                                                                                                                                                                         ;
+------------------------+------+--------+------------+-------+-------+------------+-----------+-------------+-------+--------+-----------+------------+----------+--------+--------+----------------------------+
; Clock Name             ; Type ; Period ; Frequency  ; Rise  ; Fall  ; Duty Cycle ; Divide by ; Multiply by ; Phase ; Offset ; Edge List ; Edge Shift ; Inverted ; Master ; Source ; Targets                    ;
+------------------------+------+--------+------------+-------+-------+------------+-----------+-------------+-------+--------+-----------+------------+----------+--------+--------+----------------------------+
; clk_50                 ; Base ; 1.000  ; 1000.0 MHz ; 0.000 ; 0.500 ;            ;           ;             ;       ;        ;           ;            ;          ;        ;        ; { clk_50 }                 ;
; counter:step_time|q[0] ; Base ; 1.000  ; 1000.0 MHz ; 0.000 ; 0.500 ;            ;           ;             ;       ;        ;           ;            ;          ;        ;        ; { counter:step_time|q[0] } ;
; new_in                 ; Base ; 1.000  ; 1000.0 MHz ; 0.000 ; 0.500 ;            ;           ;             ;       ;        ;           ;            ;          ;        ;        ; { new_in }                 ;
+------------------------+------+--------+------------+-------+-------+------------+-----------+-------------+-------+--------+-----------+------------+----------+--------+--------+----------------------------+


+--------------------------------------------------------------+
; Slow 1100mV 85C Model Fmax Summary                           ;
+------------+-----------------+------------------------+------+
; Fmax       ; Restricted Fmax ; Clock Name             ; Note ;
+------------+-----------------+------------------------+------+
; 303.4 MHz  ; 303.4 MHz       ; counter:step_time|q[0] ;      ;
; 460.19 MHz ; 460.19 MHz      ; clk_50                 ;      ;
+------------+-----------------+------------------------+------+
This panel reports FMAX for every clock in the design, regardless of the user-specified clock periods.  FMAX is only computed for paths where the source and destination registers or ports are driven by the same clock.  Paths of different clocks, including generated clocks, are ignored.  For paths between a clock and its inversion, FMAX is computed as if the rising and falling edges are scaled along with FMAX, such that the duty cycle (in terms of a percentage) is maintained. Altera recommends that you always use clock constraints and other slack reports for sign-off analysis.


----------------------------------
; Timing Closure Recommendations ;
----------------------------------
HTML report is unavailable in plain text report export.


+-------------------------------------------------+
; Slow 1100mV 85C Model Setup Summary             ;
+------------------------+--------+---------------+
; Clock                  ; Slack  ; End Point TNS ;
+------------------------+--------+---------------+
; counter:step_time|q[0] ; -4.352 ; -33.327       ;
; clk_50                 ; -4.334 ; -63.690       ;
+------------------------+--------+---------------+


+------------------------------------------------+
; Slow 1100mV 85C Model Hold Summary             ;
+------------------------+-------+---------------+
; Clock                  ; Slack ; End Point TNS ;
+------------------------+-------+---------------+
; clk_50                 ; 0.368 ; 0.000         ;
; counter:step_time|q[0] ; 0.860 ; 0.000         ;
+------------------------+-------+---------------+


+-------------------------------------------------+
; Slow 1100mV 85C Model Recovery Summary          ;
+------------------------+--------+---------------+
; Clock                  ; Slack  ; End Point TNS ;
+------------------------+--------+---------------+
; counter:step_time|q[0] ; -4.516 ; -36.097       ;
; clk_50                 ; -3.526 ; -56.315       ;
+------------------------+--------+---------------+


+------------------------------------------------+
; Slow 1100mV 85C Model Removal Summary          ;
+------------------------+-------+---------------+
; Clock                  ; Slack ; End Point TNS ;
+------------------------+-------+---------------+
; clk_50                 ; 1.019 ; 0.000         ;
; counter:step_time|q[0] ; 1.207 ; 0.000         ;
+------------------------+-------+---------------+


+---------------------------------------------------+
; Slow 1100mV 85C Model Minimum Pulse Width Summary ;
+------------------------+--------+-----------------+
; Clock                  ; Slack  ; End Point TNS   ;
+------------------------+--------+-----------------+
; clk_50                 ; -0.394 ; -8.558          ;
; new_in                 ; -0.394 ; -4.726          ;
; counter:step_time|q[0] ; -0.394 ; -4.233          ;
+------------------------+--------+-----------------+


-----------------------------------------------
; Slow 1100mV 85C Model Metastability Summary ;
-----------------------------------------------
No synchronizer chains to report.


+--------------------------------------------------------------+
; Slow 1100mV 0C Model Fmax Summary                            ;
+------------+-----------------+------------------------+------+
; Fmax       ; Restricted Fmax ; Clock Name             ; Note ;
+------------+-----------------+------------------------+------+
; 299.13 MHz ; 299.13 MHz      ; counter:step_time|q[0] ;      ;
; 438.02 MHz ; 438.02 MHz      ; clk_50                 ;      ;
+------------+-----------------+------------------------+------+
This panel reports FMAX for every clock in the design, regardless of the user-specified clock periods.  FMAX is only computed for paths where the source and destination registers or ports are driven by the same clock.  Paths of different clocks, including generated clocks, are ignored.  For paths between a clock and its inversion, FMAX is computed as if the rising and falling edges are scaled along with FMAX, such that the duty cycle (in terms of a percentage) is maintained. Altera recommends that you always use clock constraints and other slack reports for sign-off analysis.


+-------------------------------------------------+
; Slow 1100mV 0C Model Setup Summary              ;
+------------------------+--------+---------------+
; Clock                  ; Slack  ; End Point TNS ;
+------------------------+--------+---------------+
; counter:step_time|q[0] ; -4.541 ; -34.475       ;
; clk_50                 ; -4.019 ; -58.138       ;
+------------------------+--------+---------------+


+------------------------------------------------+
; Slow 1100mV 0C Model Hold Summary              ;
+------------------------+-------+---------------+
; Clock                  ; Slack ; End Point TNS ;
+------------------------+-------+---------------+
; clk_50                 ; 0.369 ; 0.000         ;
; counter:step_time|q[0] ; 0.840 ; 0.000         ;
+------------------------+-------+---------------+


+-------------------------------------------------+
; Slow 1100mV 0C Model Recovery Summary           ;
+------------------------+--------+---------------+
; Clock                  ; Slack  ; End Point TNS ;
+------------------------+--------+---------------+
; counter:step_time|q[0] ; -4.673 ; -37.357       ;
; clk_50                 ; -3.401 ; -54.366       ;
+------------------------+--------+---------------+


+------------------------------------------------+
; Slow 1100mV 0C Model Removal Summary           ;
+------------------------+-------+---------------+
; Clock                  ; Slack ; End Point TNS ;
+------------------------+-------+---------------+
; clk_50                 ; 0.737 ; 0.000         ;
; counter:step_time|q[0] ; 1.137 ; 0.000         ;
+------------------------+-------+---------------+


+--------------------------------------------------+
; Slow 1100mV 0C Model Minimum Pulse Width Summary ;
+------------------------+--------+----------------+
; Clock                  ; Slack  ; End Point TNS  ;
+------------------------+--------+----------------+
; clk_50                 ; -0.394 ; -9.284         ;
; new_in                 ; -0.394 ; -5.184         ;
; counter:step_time|q[0] ; -0.394 ; -4.411         ;
+------------------------+--------+----------------+


----------------------------------------------
; Slow 1100mV 0C Model Metastability Summary ;
----------------------------------------------
No synchronizer chains to report.


+-------------------------------------------------+
; Fast 1100mV 85C Model Setup Summary             ;
+------------------------+--------+---------------+
; Clock                  ; Slack  ; End Point TNS ;
+------------------------+--------+---------------+
; clk_50                 ; -3.046 ; -46.125       ;
; counter:step_time|q[0] ; -2.093 ; -15.169       ;
+------------------------+--------+---------------+


+------------------------------------------------+
; Fast 1100mV 85C Model Hold Summary             ;
+------------------------+-------+---------------+
; Clock                  ; Slack ; End Point TNS ;
+------------------------+-------+---------------+
; clk_50                 ; 0.198 ; 0.000         ;
; counter:step_time|q[0] ; 0.457 ; 0.000         ;
+------------------------+-------+---------------+


+-------------------------------------------------+
; Fast 1100mV 85C Model Recovery Summary          ;
+------------------------+--------+---------------+
; Clock                  ; Slack  ; End Point TNS ;
+------------------------+--------+---------------+
; counter:step_time|q[0] ; -2.098 ; -16.775       ;
; clk_50                 ; -1.957 ; -31.224       ;
+------------------------+--------+---------------+


+------------------------------------------------+
; Fast 1100mV 85C Model Removal Summary          ;
+------------------------+-------+---------------+
; Clock                  ; Slack ; End Point TNS ;
+------------------------+-------+---------------+
; counter:step_time|q[0] ; 0.627 ; 0.000         ;
; clk_50                 ; 0.827 ; 0.000         ;
+------------------------+-------+---------------+


+---------------------------------------------------+
; Fast 1100mV 85C Model Minimum Pulse Width Summary ;
+------------------------+--------+-----------------+
; Clock                  ; Slack  ; End Point TNS   ;
+------------------------+--------+-----------------+
; new_in                 ; -0.084 ; -0.740          ;
; clk_50                 ; -0.078 ; -1.159          ;
; counter:step_time|q[0] ; 0.095  ; 0.000           ;
+------------------------+--------+-----------------+


-----------------------------------------------
; Fast 1100mV 85C Model Metastability Summary ;
-----------------------------------------------
No synchronizer chains to report.


+-------------------------------------------------+
; Fast 1100mV 0C Model Setup Summary              ;
+------------------------+--------+---------------+
; Clock                  ; Slack  ; End Point TNS ;
+------------------------+--------+---------------+
; clk_50                 ; -2.477 ; -37.050       ;
; counter:step_time|q[0] ; -2.037 ; -14.682       ;
+------------------------+--------+---------------+


+------------------------------------------------+
; Fast 1100mV 0C Model Hold Summary              ;
+------------------------+-------+---------------+
; Clock                  ; Slack ; End Point TNS ;
+------------------------+-------+---------------+
; clk_50                 ; 0.188 ; 0.000         ;
; counter:step_time|q[0] ; 0.415 ; 0.000         ;
+------------------------+-------+---------------+


+-------------------------------------------------+
; Fast 1100mV 0C Model Recovery Summary           ;
+------------------------+--------+---------------+
; Clock                  ; Slack  ; End Point TNS ;
+------------------------+--------+---------------+
; counter:step_time|q[0] ; -2.053 ; -16.412       ;
; clk_50                 ; -1.519 ; -24.222       ;
+------------------------+--------+---------------+


+------------------------------------------------+
; Fast 1100mV 0C Model Removal Summary           ;
+------------------------+-------+---------------+
; Clock                  ; Slack ; End Point TNS ;
+------------------------+-------+---------------+
; clk_50                 ; 0.522 ; 0.000         ;
; counter:step_time|q[0] ; 0.556 ; 0.000         ;
+------------------------+-------+---------------+


+--------------------------------------------------+
; Fast 1100mV 0C Model Minimum Pulse Width Summary ;
+------------------------+--------+----------------+
; Clock                  ; Slack  ; End Point TNS  ;
+------------------------+--------+----------------+
; new_in                 ; -0.082 ; -0.729         ;
; clk_50                 ; -0.078 ; -1.204         ;
; counter:step_time|q[0] ; 0.106  ; 0.000          ;
+------------------------+--------+----------------+


----------------------------------------------
; Fast 1100mV 0C Model Metastability Summary ;
----------------------------------------------
No synchronizer chains to report.


+--------------------------------------------------------------------------------------+
; Multicorner Timing Analysis Summary                                                  ;
+-------------------------+---------+-------+----------+---------+---------------------+
; Clock                   ; Setup   ; Hold  ; Recovery ; Removal ; Minimum Pulse Width ;
+-------------------------+---------+-------+----------+---------+---------------------+
; Worst-case Slack        ; -4.541  ; 0.188 ; -4.673   ; 0.522   ; -0.394              ;
;  clk_50                 ; -4.334  ; 0.188 ; -3.526   ; 0.522   ; -0.394              ;
;  counter:step_time|q[0] ; -4.541  ; 0.415 ; -4.673   ; 0.556   ; -0.394              ;
;  new_in                 ; N/A     ; N/A   ; N/A      ; N/A     ; -0.394              ;
; Design-wide TNS         ; -97.017 ; 0.0   ; -92.412  ; 0.0     ; -18.879             ;
;  clk_50                 ; -63.690 ; 0.000 ; -56.315  ; 0.000   ; -9.284              ;
;  counter:step_time|q[0] ; -34.475 ; 0.000 ; -37.357  ; 0.000   ; -4.411              ;
;  new_in                 ; N/A     ; N/A   ; N/A      ; N/A     ; -5.184              ;
+-------------------------+---------+-------+----------+---------+---------------------+


+-------------------------------------------------------------------------------------------------------------------------------------------------------------------------------------------------------------------------------------------------------------------------------------------------------------------------------------------------------------------------------------------------------------+
; Board Trace Model Assignments                                                                                                                                                                                                                                                                                                                                                                               ;
+----------+--------------+-------------------+-------------------------+-------------------------+---------------+---------------------+----------------+------------------+--------+------------------+------------------------+------------------------+--------------+---------------+-----------------+-------+---------------------+--------------------+---------------+-----------------+-------------+
; Pin      ; I/O Standard ; Near Tline Length ; Near Tline L per Length ; Near Tline C per Length ; Near Series R ; Near Differential R ; Near Pull-up R ; Near Pull-down R ; Near C ; Far Tline Length ; Far Tline L per Length ; Far Tline C per Length ; Far Series R ; Far Pull-up R ; Far Pull-down R ; Far C ; Termination Voltage ; Far Differential R ; EBD File Name ; EBD Signal Name ; EBD Far-end ;
+----------+--------------+-------------------+-------------------------+-------------------------+---------------+---------------------+----------------+------------------+--------+------------------+------------------------+------------------------+--------------+---------------+-----------------+-------+---------------------+--------------------+---------------+-----------------+-------------+
; step     ; 2.5 V        ; 0 in              ; 0 H/in                  ; 0 F/in                  ; short         ; -                   ; open           ; open             ; open   ; 0 in             ; 0 H/in                 ; 0 F/in                 ; short        ; open          ; open            ; open  ; 0 V                 ; -                  ; n/a           ; n/a             ; n/a         ;
; dir      ; 2.5 V        ; 0 in              ; 0 H/in                  ; 0 F/in                  ; short         ; -                   ; open           ; open             ; open   ; 0 in             ; 0 H/in                 ; 0 F/in                 ; short        ; open          ; open            ; open  ; 0 V                 ; -                  ; n/a           ; n/a             ; n/a         ;
; finished ; 2.5 V        ; 0 in              ; 0 H/in                  ; 0 F/in                  ; short         ; -                   ; open           ; open             ; open   ; 0 in             ; 0 H/in                 ; 0 F/in                 ; short        ; open          ; open            ; open  ; 0 V                 ; -                  ; n/a           ; n/a             ; n/a         ;
+----------+--------------+-------------------+-------------------------+-------------------------+---------------+---------------------+----------------+------------------+--------+------------------+------------------------+------------------------+--------------+---------------+-----------------+-------+---------------------+--------------------+---------------+-----------------+-------------+


+-----------------------------------------------------------------+
; Input Transition Times                                          ;
+--------------+--------------+-----------------+-----------------+
; Pin          ; I/O Standard ; 10-90 Rise Time ; 90-10 Fall Time ;
+--------------+--------------+-----------------+-----------------+
; direction    ; 2.5 V        ; 2000 ps         ; 2000 ps         ;
; new_in       ; 2.5 V        ; 2000 ps         ; 2000 ps         ;
; reset_n      ; 2.5 V        ; 2000 ps         ; 2000 ps         ;
; num_steps[2] ; 2.5 V        ; 2000 ps         ; 2000 ps         ;
; enable       ; 2.5 V        ; 2000 ps         ; 2000 ps         ;
; num_steps[3] ; 2.5 V        ; 2000 ps         ; 2000 ps         ;
; num_steps[4] ; 2.5 V        ; 2000 ps         ; 2000 ps         ;
; num_steps[5] ; 2.5 V        ; 2000 ps         ; 2000 ps         ;
; num_steps[6] ; 2.5 V        ; 2000 ps         ; 2000 ps         ;
; num_steps[7] ; 2.5 V        ; 2000 ps         ; 2000 ps         ;
; num_steps[0] ; 2.5 V        ; 2000 ps         ; 2000 ps         ;
; num_steps[1] ; 2.5 V        ; 2000 ps         ; 2000 ps         ;
; clk_50       ; 2.5 V        ; 2000 ps         ; 2000 ps         ;
+--------------+--------------+-----------------+-----------------+


+---------------------------------------------------------------------------------------------------------------------------------------------------------------------------------------------------------------------------------------------------------------------------------------------------------------------------------------------------------------------------------------------------------------------------------------------------------------------------------------------------------------------------------------------------------------------------------------------------------------------------------------------------------------------------------------+
; Signal Integrity Metrics (Slow 1100mv 0c Model)                                                                                                                                                                                                                                                                                                                                                                                                                                                                                                                                                                                                                                       ;
+----------+--------------+---------------------+---------------------+------------------------------+------------------------------+---------------------+---------------------+--------------------------------------+--------------------------------------+-----------------------------+-----------------------------+----------------------------+----------------------------+-----------------------------+-----------------------------+--------------------+--------------------+-------------------------------------+-------------------------------------+----------------------------+----------------------------+---------------------------+---------------------------+
; Pin      ; I/O Standard ; Board Delay on Rise ; Board Delay on Fall ; Steady State Voh at FPGA Pin ; Steady State Vol at FPGA Pin ; Voh Max at FPGA Pin ; Vol Min at FPGA Pin ; Ringback Voltage on Rise at FPGA Pin ; Ringback Voltage on Fall at FPGA Pin ; 10-90 Rise Time at FPGA Pin ; 90-10 Fall Time at FPGA Pin ; Monotonic Rise at FPGA Pin ; Monotonic Fall at FPGA Pin ; Steady State Voh at Far-end ; Steady State Vol at Far-end ; Voh Max at Far-end ; Vol Min at Far-end ; Ringback Voltage on Rise at Far-end ; Ringback Voltage on Fall at Far-end ; 10-90 Rise Time at Far-end ; 90-10 Fall Time at Far-end ; Monotonic Rise at Far-end ; Monotonic Fall at Far-end ;
+----------+--------------+---------------------+---------------------+------------------------------+------------------------------+---------------------+---------------------+--------------------------------------+--------------------------------------+-----------------------------+-----------------------------+----------------------------+----------------------------+-----------------------------+-----------------------------+--------------------+--------------------+-------------------------------------+-------------------------------------+----------------------------+----------------------------+---------------------------+---------------------------+
; step     ; 2.5 V        ; 0 s                 ; 0 s                 ; 2.32 V                       ; 3.6e-07 V                    ; 2.41 V              ; -0.0463 V           ; 0.201 V                              ; 0.131 V                              ; 4.61e-10 s                  ; 4.53e-10 s                  ; No                         ; Yes                        ; 2.32 V                      ; 3.6e-07 V                   ; 2.41 V             ; -0.0463 V          ; 0.201 V                             ; 0.131 V                             ; 4.61e-10 s                 ; 4.53e-10 s                 ; No                        ; Yes                       ;
; dir      ; 2.5 V        ; 0 s                 ; 0 s                 ; 2.32 V                       ; 3.6e-07 V                    ; 2.41 V              ; -0.0463 V           ; 0.201 V                              ; 0.131 V                              ; 4.61e-10 s                  ; 4.53e-10 s                  ; No                         ; Yes                        ; 2.32 V                      ; 3.6e-07 V                   ; 2.41 V             ; -0.0463 V          ; 0.201 V                             ; 0.131 V                             ; 4.61e-10 s                 ; 4.53e-10 s                 ; No                        ; Yes                       ;
; finished ; 2.5 V        ; 0 s                 ; 0 s                 ; 2.32 V                       ; 3.52e-07 V                   ; 2.42 V              ; -0.0557 V           ; 0.175 V                              ; 0.114 V                              ; 4.5e-10 s                   ; 4.35e-10 s                  ; No                         ; No                         ; 2.32 V                      ; 3.52e-07 V                  ; 2.42 V             ; -0.0557 V          ; 0.175 V                             ; 0.114 V                             ; 4.5e-10 s                  ; 4.35e-10 s                 ; No                        ; No                        ;
+----------+--------------+---------------------+---------------------+------------------------------+------------------------------+---------------------+---------------------+--------------------------------------+--------------------------------------+-----------------------------+-----------------------------+----------------------------+----------------------------+-----------------------------+-----------------------------+--------------------+--------------------+-------------------------------------+-------------------------------------+----------------------------+----------------------------+---------------------------+---------------------------+


+---------------------------------------------------------------------------------------------------------------------------------------------------------------------------------------------------------------------------------------------------------------------------------------------------------------------------------------------------------------------------------------------------------------------------------------------------------------------------------------------------------------------------------------------------------------------------------------------------------------------------------------------------------------------------------------+
; Signal Integrity Metrics (Slow 1100mv 85c Model)                                                                                                                                                                                                                                                                                                                                                                                                                                                                                                                                                                                                                                      ;
+----------+--------------+---------------------+---------------------+------------------------------+------------------------------+---------------------+---------------------+--------------------------------------+--------------------------------------+-----------------------------+-----------------------------+----------------------------+----------------------------+-----------------------------+-----------------------------+--------------------+--------------------+-------------------------------------+-------------------------------------+----------------------------+----------------------------+---------------------------+---------------------------+
; Pin      ; I/O Standard ; Board Delay on Rise ; Board Delay on Fall ; Steady State Voh at FPGA Pin ; Steady State Vol at FPGA Pin ; Voh Max at FPGA Pin ; Vol Min at FPGA Pin ; Ringback Voltage on Rise at FPGA Pin ; Ringback Voltage on Fall at FPGA Pin ; 10-90 Rise Time at FPGA Pin ; 90-10 Fall Time at FPGA Pin ; Monotonic Rise at FPGA Pin ; Monotonic Fall at FPGA Pin ; Steady State Voh at Far-end ; Steady State Vol at Far-end ; Voh Max at Far-end ; Vol Min at Far-end ; Ringback Voltage on Rise at Far-end ; Ringback Voltage on Fall at Far-end ; 10-90 Rise Time at Far-end ; 90-10 Fall Time at Far-end ; Monotonic Rise at Far-end ; Monotonic Fall at Far-end ;
+----------+--------------+---------------------+---------------------+------------------------------+------------------------------+---------------------+---------------------+--------------------------------------+--------------------------------------+-----------------------------+-----------------------------+----------------------------+----------------------------+-----------------------------+-----------------------------+--------------------+--------------------+-------------------------------------+-------------------------------------+----------------------------+----------------------------+---------------------------+---------------------------+
; step     ; 2.5 V        ; 0 s                 ; 0 s                 ; 2.32 V                       ; 3.96e-05 V                   ; 2.38 V              ; -0.0306 V           ; 0.23 V                               ; 0.206 V                              ; 4.83e-10 s                  ; 5.01e-10 s                  ; No                         ; Yes                        ; 2.32 V                      ; 3.96e-05 V                  ; 2.38 V             ; -0.0306 V          ; 0.23 V                              ; 0.206 V                             ; 4.83e-10 s                 ; 5.01e-10 s                 ; No                        ; Yes                       ;
; dir      ; 2.5 V        ; 0 s                 ; 0 s                 ; 2.32 V                       ; 3.96e-05 V                   ; 2.38 V              ; -0.0306 V           ; 0.23 V                               ; 0.206 V                              ; 4.83e-10 s                  ; 5.01e-10 s                  ; No                         ; Yes                        ; 2.32 V                      ; 3.96e-05 V                  ; 2.38 V             ; -0.0306 V          ; 0.23 V                              ; 0.206 V                             ; 4.83e-10 s                 ; 5.01e-10 s                 ; No                        ; Yes                       ;
; finished ; 2.5 V        ; 0 s                 ; 0 s                 ; 2.32 V                       ; 3.88e-05 V                   ; 2.39 V              ; -0.037 V            ; 0.188 V                              ; 0.158 V                              ; 4.67e-10 s                  ; 4.67e-10 s                  ; No                         ; Yes                        ; 2.32 V                      ; 3.88e-05 V                  ; 2.39 V             ; -0.037 V           ; 0.188 V                             ; 0.158 V                             ; 4.67e-10 s                 ; 4.67e-10 s                 ; No                        ; Yes                       ;
+----------+--------------+---------------------+---------------------+------------------------------+------------------------------+---------------------+---------------------+--------------------------------------+--------------------------------------+-----------------------------+-----------------------------+----------------------------+----------------------------+-----------------------------+-----------------------------+--------------------+--------------------+-------------------------------------+-------------------------------------+----------------------------+----------------------------+---------------------------+---------------------------+


+---------------------------------------------------------------------------------------------------------------------------------------------------------------------------------------------------------------------------------------------------------------------------------------------------------------------------------------------------------------------------------------------------------------------------------------------------------------------------------------------------------------------------------------------------------------------------------------------------------------------------------------------------------------------------------------+
; Signal Integrity Metrics (Fast 1100mv 0c Model)                                                                                                                                                                                                                                                                                                                                                                                                                                                                                                                                                                                                                                       ;
+----------+--------------+---------------------+---------------------+------------------------------+------------------------------+---------------------+---------------------+--------------------------------------+--------------------------------------+-----------------------------+-----------------------------+----------------------------+----------------------------+-----------------------------+-----------------------------+--------------------+--------------------+-------------------------------------+-------------------------------------+----------------------------+----------------------------+---------------------------+---------------------------+
; Pin      ; I/O Standard ; Board Delay on Rise ; Board Delay on Fall ; Steady State Voh at FPGA Pin ; Steady State Vol at FPGA Pin ; Voh Max at FPGA Pin ; Vol Min at FPGA Pin ; Ringback Voltage on Rise at FPGA Pin ; Ringback Voltage on Fall at FPGA Pin ; 10-90 Rise Time at FPGA Pin ; 90-10 Fall Time at FPGA Pin ; Monotonic Rise at FPGA Pin ; Monotonic Fall at FPGA Pin ; Steady State Voh at Far-end ; Steady State Vol at Far-end ; Voh Max at Far-end ; Vol Min at Far-end ; Ringback Voltage on Rise at Far-end ; Ringback Voltage on Fall at Far-end ; 10-90 Rise Time at Far-end ; 90-10 Fall Time at Far-end ; Monotonic Rise at Far-end ; Monotonic Fall at Far-end ;
+----------+--------------+---------------------+---------------------+------------------------------+------------------------------+---------------------+---------------------+--------------------------------------+--------------------------------------+-----------------------------+-----------------------------+----------------------------+----------------------------+-----------------------------+-----------------------------+--------------------+--------------------+-------------------------------------+-------------------------------------+----------------------------+----------------------------+---------------------------+---------------------------+
; step     ; 2.5 V        ; 0 s                 ; 0 s                 ; 2.75 V                       ; 4.25e-06 V                   ; 2.9 V               ; -0.107 V            ; 0.378 V                              ; 0.16 V                               ; 2.87e-10 s                  ; 4.28e-10 s                  ; No                         ; No                         ; 2.75 V                      ; 4.25e-06 V                  ; 2.9 V              ; -0.107 V           ; 0.378 V                             ; 0.16 V                              ; 2.87e-10 s                 ; 4.28e-10 s                 ; No                        ; No                        ;
; dir      ; 2.5 V        ; 0 s                 ; 0 s                 ; 2.75 V                       ; 4.25e-06 V                   ; 2.9 V               ; -0.107 V            ; 0.378 V                              ; 0.16 V                               ; 2.87e-10 s                  ; 4.28e-10 s                  ; No                         ; No                         ; 2.75 V                      ; 4.25e-06 V                  ; 2.9 V              ; -0.107 V           ; 0.378 V                             ; 0.16 V                              ; 2.87e-10 s                 ; 4.28e-10 s                 ; No                        ; No                        ;
; finished ; 2.5 V        ; 0 s                 ; 0 s                 ; 2.75 V                       ; 4.14e-06 V                   ; 2.91 V              ; -0.121 V            ; 0.326 V                              ; 0.297 V                              ; 2.74e-10 s                  ; 2.8e-10 s                   ; No                         ; No                         ; 2.75 V                      ; 4.14e-06 V                  ; 2.91 V             ; -0.121 V           ; 0.326 V                             ; 0.297 V                             ; 2.74e-10 s                 ; 2.8e-10 s                  ; No                        ; No                        ;
+----------+--------------+---------------------+---------------------+------------------------------+------------------------------+---------------------+---------------------+--------------------------------------+--------------------------------------+-----------------------------+-----------------------------+----------------------------+----------------------------+-----------------------------+-----------------------------+--------------------+--------------------+-------------------------------------+-------------------------------------+----------------------------+----------------------------+---------------------------+---------------------------+


+---------------------------------------------------------------------------------------------------------------------------------------------------------------------------------------------------------------------------------------------------------------------------------------------------------------------------------------------------------------------------------------------------------------------------------------------------------------------------------------------------------------------------------------------------------------------------------------------------------------------------------------------------------------------------------------+
; Signal Integrity Metrics (Fast 1100mv 85c Model)                                                                                                                                                                                                                                                                                                                                                                                                                                                                                                                                                                                                                                      ;
+----------+--------------+---------------------+---------------------+------------------------------+------------------------------+---------------------+---------------------+--------------------------------------+--------------------------------------+-----------------------------+-----------------------------+----------------------------+----------------------------+-----------------------------+-----------------------------+--------------------+--------------------+-------------------------------------+-------------------------------------+----------------------------+----------------------------+---------------------------+---------------------------+
; Pin      ; I/O Standard ; Board Delay on Rise ; Board Delay on Fall ; Steady State Voh at FPGA Pin ; Steady State Vol at FPGA Pin ; Voh Max at FPGA Pin ; Vol Min at FPGA Pin ; Ringback Voltage on Rise at FPGA Pin ; Ringback Voltage on Fall at FPGA Pin ; 10-90 Rise Time at FPGA Pin ; 90-10 Fall Time at FPGA Pin ; Monotonic Rise at FPGA Pin ; Monotonic Fall at FPGA Pin ; Steady State Voh at Far-end ; Steady State Vol at Far-end ; Voh Max at Far-end ; Vol Min at Far-end ; Ringback Voltage on Rise at Far-end ; Ringback Voltage on Fall at Far-end ; 10-90 Rise Time at Far-end ; 90-10 Fall Time at Far-end ; Monotonic Rise at Far-end ; Monotonic Fall at Far-end ;
+----------+--------------+---------------------+---------------------+------------------------------+------------------------------+---------------------+---------------------+--------------------------------------+--------------------------------------+-----------------------------+-----------------------------+----------------------------+----------------------------+-----------------------------+-----------------------------+--------------------+--------------------+-------------------------------------+-------------------------------------+----------------------------+----------------------------+---------------------------+---------------------------+
; step     ; 2.5 V        ; 0 s                 ; 0 s                 ; 2.75 V                       ; 0.000247 V                   ; 2.85 V              ; -0.0711 V           ; 0.204 V                              ; 0.181 V                              ; 4.55e-10 s                  ; 4.49e-10 s                  ; No                         ; No                         ; 2.75 V                      ; 0.000247 V                  ; 2.85 V             ; -0.0711 V          ; 0.204 V                             ; 0.181 V                             ; 4.55e-10 s                 ; 4.49e-10 s                 ; No                        ; No                        ;
; dir      ; 2.5 V        ; 0 s                 ; 0 s                 ; 2.75 V                       ; 0.000247 V                   ; 2.85 V              ; -0.0711 V           ; 0.204 V                              ; 0.181 V                              ; 4.55e-10 s                  ; 4.49e-10 s                  ; No                         ; No                         ; 2.75 V                      ; 0.000247 V                  ; 2.85 V             ; -0.0711 V          ; 0.204 V                             ; 0.181 V                             ; 4.55e-10 s                 ; 4.49e-10 s                 ; No                        ; No                        ;
; finished ; 2.5 V        ; 0 s                 ; 0 s                 ; 2.75 V                       ; 0.000242 V                   ; 2.86 V              ; -0.0814 V           ; 0.36 V                               ; 0.156 V                              ; 3e-10 s                     ; 4.34e-10 s                  ; No                         ; No                         ; 2.75 V                      ; 0.000242 V                  ; 2.86 V             ; -0.0814 V          ; 0.36 V                              ; 0.156 V                             ; 3e-10 s                    ; 4.34e-10 s                 ; No                        ; No                        ;
+----------+--------------+---------------------+---------------------+------------------------------+------------------------------+---------------------+---------------------+--------------------------------------+--------------------------------------+-----------------------------+-----------------------------+----------------------------+----------------------------+-----------------------------+-----------------------------+--------------------+--------------------+-------------------------------------+-------------------------------------+----------------------------+----------------------------+---------------------------+---------------------------+


+---------------------------------------------------------------------------------------------+
; Setup Transfers                                                                             ;
+------------------------+------------------------+----------+----------+----------+----------+
; From Clock             ; To Clock               ; RR Paths ; FR Paths ; RF Paths ; FF Paths ;
+------------------------+------------------------+----------+----------+----------+----------+
; clk_50                 ; clk_50                 ; 120      ; 0        ; 0        ; 0        ;
; counter:step_time|q[0] ; clk_50                 ; 16       ; 16       ; 0        ; 0        ;
; counter:step_time|q[0] ; counter:step_time|q[0] ; 100      ; 0        ; 0        ; 0        ;
; new_in                 ; counter:step_time|q[0] ; 64       ; 0        ; 0        ; 0        ;
+------------------------+------------------------+----------+----------+----------+----------+
Entries labeled "false path" only account for clock-to-clock false paths and not path-based false paths. As a result, actual path counts may be lower than reported.


+---------------------------------------------------------------------------------------------+
; Hold Transfers                                                                              ;
+------------------------+------------------------+----------+----------+----------+----------+
; From Clock             ; To Clock               ; RR Paths ; FR Paths ; RF Paths ; FF Paths ;
+------------------------+------------------------+----------+----------+----------+----------+
; clk_50                 ; clk_50                 ; 120      ; 0        ; 0        ; 0        ;
; counter:step_time|q[0] ; clk_50                 ; 16       ; 16       ; 0        ; 0        ;
; counter:step_time|q[0] ; counter:step_time|q[0] ; 100      ; 0        ; 0        ; 0        ;
; new_in                 ; counter:step_time|q[0] ; 64       ; 0        ; 0        ; 0        ;
+------------------------+------------------------+----------+----------+----------+----------+
Entries labeled "false path" only account for clock-to-clock false paths and not path-based false paths. As a result, actual path counts may be lower than reported.


+---------------------------------------------------------------------------------------------+
; Recovery Transfers                                                                          ;
+------------------------+------------------------+----------+----------+----------+----------+
; From Clock             ; To Clock               ; RR Paths ; FR Paths ; RF Paths ; FF Paths ;
+------------------------+------------------------+----------+----------+----------+----------+
; clk_50                 ; clk_50                 ; 240      ; 0        ; 0        ; 0        ;
; counter:step_time|q[0] ; clk_50                 ; 16       ; 16       ; 0        ; 0        ;
; counter:step_time|q[0] ; counter:step_time|q[0] ; 88       ; 0        ; 0        ; 0        ;
; new_in                 ; counter:step_time|q[0] ; 88       ; 0        ; 0        ; 0        ;
+------------------------+------------------------+----------+----------+----------+----------+
Entries labeled "false path" only account for clock-to-clock false paths and not path-based false paths. As a result, actual path counts may be lower than reported.


+---------------------------------------------------------------------------------------------+
; Removal Transfers                                                                           ;
+------------------------+------------------------+----------+----------+----------+----------+
; From Clock             ; To Clock               ; RR Paths ; FR Paths ; RF Paths ; FF Paths ;
+------------------------+------------------------+----------+----------+----------+----------+
; clk_50                 ; clk_50                 ; 240      ; 0        ; 0        ; 0        ;
; counter:step_time|q[0] ; clk_50                 ; 16       ; 16       ; 0        ; 0        ;
; counter:step_time|q[0] ; counter:step_time|q[0] ; 88       ; 0        ; 0        ; 0        ;
; new_in                 ; counter:step_time|q[0] ; 88       ; 0        ; 0        ; 0        ;
+------------------------+------------------------+----------+----------+----------+----------+
Entries labeled "false path" only account for clock-to-clock false paths and not path-based false paths. As a result, actual path counts may be lower than reported.


---------------
; Report TCCS ;
---------------
No dedicated SERDES Transmitter circuitry present in device or used in design


---------------
; Report RSKM ;
---------------
No non-DPA dedicated SERDES Receiver circuitry present in device or used in design


+------------------------------------------------+
; Unconstrained Paths Summary                    ;
+---------------------------------+-------+------+
; Property                        ; Setup ; Hold ;
+---------------------------------+-------+------+
; Illegal Clocks                  ; 0     ; 0    ;
; Unconstrained Clocks            ; 0     ; 0    ;
; Unconstrained Input Ports       ; 11    ; 11   ;
; Unconstrained Input Port Paths  ; 66    ; 66   ;
; Unconstrained Output Ports      ; 3     ; 3    ;
; Unconstrained Output Port Paths ; 33    ; 33   ;
+---------------------------------+-------+------+


+----------------------------------------------------------------------+
; Clock Status Summary                                                 ;
+------------------------+------------------------+------+-------------+
; Target                 ; Clock                  ; Type ; Status      ;
+------------------------+------------------------+------+-------------+
; clk_50                 ; clk_50                 ; Base ; Constrained ;
; counter:step_time|q[0] ; counter:step_time|q[0] ; Base ; Constrained ;
; new_in                 ; new_in                 ; Base ; Constrained ;
+------------------------+------------------------+------+-------------+


+-----------------------------------------------------------------------------------------------------+
; Unconstrained Input Ports                                                                           ;
+--------------+--------------------------------------------------------------------------------------+
; Input Port   ; Comment                                                                              ;
+--------------+--------------------------------------------------------------------------------------+
; direction    ; No input delay, min/max delays, false-path exceptions, or max skew assignments found ;
; enable       ; No input delay, min/max delays, false-path exceptions, or max skew assignments found ;
; num_steps[0] ; No input delay, min/max delays, false-path exceptions, or max skew assignments found ;
; num_steps[1] ; No input delay, min/max delays, false-path exceptions, or max skew assignments found ;
; num_steps[2] ; No input delay, min/max delays, false-path exceptions, or max skew assignments found ;
; num_steps[3] ; No input delay, min/max delays, false-path exceptions, or max skew assignments found ;
; num_steps[4] ; No input delay, min/max delays, false-path exceptions, or max skew assignments found ;
; num_steps[5] ; No input delay, min/max delays, false-path exceptions, or max skew assignments found ;
; num_steps[6] ; No input delay, min/max delays, false-path exceptions, or max skew assignments found ;
; num_steps[7] ; No input delay, min/max delays, false-path exceptions, or max skew assignments found ;
; reset_n      ; No input delay, min/max delays, false-path exceptions, or max skew assignments found ;
+--------------+--------------------------------------------------------------------------------------+


+-----------------------------------------------------------------------------------------------------+
; Unconstrained Output Ports                                                                          ;
+-------------+---------------------------------------------------------------------------------------+
; Output Port ; Comment                                                                               ;
+-------------+---------------------------------------------------------------------------------------+
; dir         ; No output delay, min/max delays, false-path exceptions, or max skew assignments found ;
; finished    ; No output delay, min/max delays, false-path exceptions, or max skew assignments found ;
; step        ; No output delay, min/max delays, false-path exceptions, or max skew assignments found ;
+-------------+---------------------------------------------------------------------------------------+


+-----------------------------------------------------------------------------------------------------+
; Unconstrained Input Ports                                                                           ;
+--------------+--------------------------------------------------------------------------------------+
; Input Port   ; Comment                                                                              ;
+--------------+--------------------------------------------------------------------------------------+
; direction    ; No input delay, min/max delays, false-path exceptions, or max skew assignments found ;
; enable       ; No input delay, min/max delays, false-path exceptions, or max skew assignments found ;
; num_steps[0] ; No input delay, min/max delays, false-path exceptions, or max skew assignments found ;
; num_steps[1] ; No input delay, min/max delays, false-path exceptions, or max skew assignments found ;
; num_steps[2] ; No input delay, min/max delays, false-path exceptions, or max skew assignments found ;
; num_steps[3] ; No input delay, min/max delays, false-path exceptions, or max skew assignments found ;
; num_steps[4] ; No input delay, min/max delays, false-path exceptions, or max skew assignments found ;
; num_steps[5] ; No input delay, min/max delays, false-path exceptions, or max skew assignments found ;
; num_steps[6] ; No input delay, min/max delays, false-path exceptions, or max skew assignments found ;
; num_steps[7] ; No input delay, min/max delays, false-path exceptions, or max skew assignments found ;
; reset_n      ; No input delay, min/max delays, false-path exceptions, or max skew assignments found ;
+--------------+--------------------------------------------------------------------------------------+


+-----------------------------------------------------------------------------------------------------+
; Unconstrained Output Ports                                                                          ;
+-------------+---------------------------------------------------------------------------------------+
; Output Port ; Comment                                                                               ;
+-------------+---------------------------------------------------------------------------------------+
; dir         ; No output delay, min/max delays, false-path exceptions, or max skew assignments found ;
; finished    ; No output delay, min/max delays, false-path exceptions, or max skew assignments found ;
; step        ; No output delay, min/max delays, false-path exceptions, or max skew assignments found ;
+-------------+---------------------------------------------------------------------------------------+


+--------------------------+
; Timing Analyzer Messages ;
+--------------------------+
Info: *******************************************************************
Info: Running Quartus Prime Timing Analyzer
    Info: Version 18.0.0 Build 614 04/24/2018 SJ Lite Edition
    Info: Processing started: Thu Jan 23 02:03:33 2020
Info: Command: quartus_sta stepper_motor -c stepper_motor
Info: qsta_default_script.tcl version: #2
Warning (18236): Number of processors has not been specified which may cause overloading on shared machines.  Set the global assignment NUM_PARALLEL_PROCESSORS in your QSF to an appropriate value for best performance.
Info (20030): Parallel compilation is enabled and will use 4 of the 4 processors detected
Info (21077): Low junction temperature is 0 degrees C
Info (21077): High junction temperature is 85 degrees C
Critical Warning (332012): Synopsys Design Constraints File file not found: 'stepper_motor.sdc'. A Synopsys Design Constraints File is required by the Timing Analyzer to get proper timing constraints. Without it, the Compiler will not properly optimize the design.
Info (332142): No user constrained base clocks found in the design. Calling "derive_clocks -period 1.0"
Info (332105): Deriving Clocks
    Info (332105): create_clock -period 1.000 -name counter:step_time|q[0] counter:step_time|q[0]
    Info (332105): create_clock -period 1.000 -name clk_50 clk_50
    Info (332105): create_clock -period 1.000 -name new_in new_in
Info (332143): No user constrained clock uncertainty found in the design. Calling "derive_clock_uncertainty"
Info (332123): Deriving Clock Uncertainty. Please refer to report_sdc in the Timing Analyzer to see clock uncertainties.
Info: Found TIMING_ANALYZER_REPORT_SCRIPT_INCLUDE_DEFAULT_ANALYSIS = ON
Info: Analyzing Slow 1100mV 85C Model
Critical Warning (332148): Timing requirements not met
    Info (11105): For recommendations on closing timing, run Report Timing Closure Recommendations in the Timing Analyzer.
Info (332146): Worst-case setup slack is -4.352
    Info (332119):     Slack       End Point TNS Clock 
    Info (332119): ========= =================== =====================
    Info (332119):    -4.352             -33.327 counter:step_time|q[0] 
    Info (332119):    -4.334             -63.690 clk_50 
Info (332146): Worst-case hold slack is 0.368
    Info (332119):     Slack       End Point TNS Clock 
    Info (332119): ========= =================== =====================
    Info (332119):     0.368               0.000 clk_50 
    Info (332119):     0.860               0.000 counter:step_time|q[0] 
Info (332146): Worst-case recovery slack is -4.516
    Info (332119):     Slack       End Point TNS Clock 
    Info (332119): ========= =================== =====================
    Info (332119):    -4.516             -36.097 counter:step_time|q[0] 
    Info (332119):    -3.526             -56.315 clk_50 
Info (332146): Worst-case removal slack is 1.019
    Info (332119):     Slack       End Point TNS Clock 
    Info (332119): ========= =================== =====================
    Info (332119):     1.019               0.000 clk_50 
    Info (332119):     1.207               0.000 counter:step_time|q[0] 
Info (332146): Worst-case minimum pulse width slack is -0.394
    Info (332119):     Slack       End Point TNS Clock 
    Info (332119): ========= =================== =====================
    Info (332119):    -0.394              -8.558 clk_50 
    Info (332119):    -0.394              -4.726 new_in 
    Info (332119):    -0.394              -4.233 counter:step_time|q[0] 
Info: Analyzing Slow 1100mV 0C Model
Info (334003): Started post-fitting delay annotation
Info (334004): Delay annotation completed successfully
Info (332123): Deriving Clock Uncertainty. Please refer to report_sdc in the Timing Analyzer to see clock uncertainties.
Critical Warning (332148): Timing requirements not met
    Info (11105): For recommendations on closing timing, run Report Timing Closure Recommendations in the Timing Analyzer.
Info (332146): Worst-case setup slack is -4.541
    Info (332119):     Slack       End Point TNS Clock 
    Info (332119): ========= =================== =====================
    Info (332119):    -4.541             -34.475 counter:step_time|q[0] 
    Info (332119):    -4.019             -58.138 clk_50 
Info (332146): Worst-case hold slack is 0.369
    Info (332119):     Slack       End Point TNS Clock 
    Info (332119): ========= =================== =====================
    Info (332119):     0.369               0.000 clk_50 
    Info (332119):     0.840               0.000 counter:step_time|q[0] 
Info (332146): Worst-case recovery slack is -4.673
    Info (332119):     Slack       End Point TNS Clock 
    Info (332119): ========= =================== =====================
    Info (332119):    -4.673             -37.357 counter:step_time|q[0] 
    Info (332119):    -3.401             -54.366 clk_50 
Info (332146): Worst-case removal slack is 0.737
    Info (332119):     Slack       End Point TNS Clock 
    Info (332119): ========= =================== =====================
    Info (332119):     0.737               0.000 clk_50 
    Info (332119):     1.137               0.000 counter:step_time|q[0] 
Info (332146): Worst-case minimum pulse width slack is -0.394
    Info (332119):     Slack       End Point TNS Clock 
    Info (332119): ========= =================== =====================
    Info (332119):    -0.394              -9.284 clk_50 
    Info (332119):    -0.394              -5.184 new_in 
    Info (332119):    -0.394              -4.411 counter:step_time|q[0] 
Info: Analyzing Fast 1100mV 85C Model
Info (334003): Started post-fitting delay annotation
Info (334004): Delay annotation completed successfully
Info (332123): Deriving Clock Uncertainty. Please refer to report_sdc in the Timing Analyzer to see clock uncertainties.
Critical Warning (332148): Timing requirements not met
    Info (11105): For recommendations on closing timing, run Report Timing Closure Recommendations in the Timing Analyzer.
Info (332146): Worst-case setup slack is -3.046
    Info (332119):     Slack       End Point TNS Clock 
    Info (332119): ========= =================== =====================
    Info (332119):    -3.046             -46.125 clk_50 
    Info (332119):    -2.093             -15.169 counter:step_time|q[0] 
Info (332146): Worst-case hold slack is 0.198
    Info (332119):     Slack       End Point TNS Clock 
    Info (332119): ========= =================== =====================
    Info (332119):     0.198               0.000 clk_50 
    Info (332119):     0.457               0.000 counter:step_time|q[0] 
Info (332146): Worst-case recovery slack is -2.098
    Info (332119):     Slack       End Point TNS Clock 
    Info (332119): ========= =================== =====================
    Info (332119):    -2.098             -16.775 counter:step_time|q[0] 
    Info (332119):    -1.957             -31.224 clk_50 
Info (332146): Worst-case removal slack is 0.627
    Info (332119):     Slack       End Point TNS Clock 
    Info (332119): ========= =================== =====================
    Info (332119):     0.627               0.000 counter:step_time|q[0] 
    Info (332119):     0.827               0.000 clk_50 
Info (332146): Worst-case minimum pulse width slack is -0.084
    Info (332119):     Slack       End Point TNS Clock 
    Info (332119): ========= =================== =====================
    Info (332119):    -0.084              -0.740 new_in 
    Info (332119):    -0.078              -1.159 clk_50 
    Info (332119):     0.095               0.000 counter:step_time|q[0] 
Info: Analyzing Fast 1100mV 0C Model
Info (332123): Deriving Clock Uncertainty. Please refer to report_sdc in the Timing Analyzer to see clock uncertainties.
Critical Warning (332148): Timing requirements not met
    Info (11105): For recommendations on closing timing, run Report Timing Closure Recommendations in the Timing Analyzer.
Info (332146): Worst-case setup slack is -2.477
    Info (332119):     Slack       End Point TNS Clock 
    Info (332119): ========= =================== =====================
    Info (332119):    -2.477             -37.050 clk_50 
    Info (332119):    -2.037             -14.682 counter:step_time|q[0] 
Info (332146): Worst-case hold slack is 0.188
    Info (332119):     Slack       End Point TNS Clock 
    Info (332119): ========= =================== =====================
    Info (332119):     0.188               0.000 clk_50 
    Info (332119):     0.415               0.000 counter:step_time|q[0] 
Info (332146): Worst-case recovery slack is -2.053
    Info (332119):     Slack       End Point TNS Clock 
    Info (332119): ========= =================== =====================
    Info (332119):    -2.053             -16.412 counter:step_time|q[0] 
    Info (332119):    -1.519             -24.222 clk_50 
Info (332146): Worst-case removal slack is 0.522
    Info (332119):     Slack       End Point TNS Clock 
    Info (332119): ========= =================== =====================
    Info (332119):     0.522               0.000 clk_50 
    Info (332119):     0.556               0.000 counter:step_time|q[0] 
Info (332146): Worst-case minimum pulse width slack is -0.082
    Info (332119):     Slack       End Point TNS Clock 
    Info (332119): ========= =================== =====================
    Info (332119):    -0.082              -0.729 new_in 
    Info (332119):    -0.078              -1.204 clk_50 
    Info (332119):     0.106               0.000 counter:step_time|q[0] 
Info (332102): Design is not fully constrained for setup requirements
Info (332102): Design is not fully constrained for hold requirements
Info: Quartus Prime Timing Analyzer was successful. 0 errors, 6 warnings
    Info: Peak virtual memory: 5133 megabytes
    Info: Processing ended: Thu Jan 23 02:03:40 2020
    Info: Elapsed time: 00:00:07
    Info: Total CPU time (on all processors): 00:00:07


