------------------------------------------------------------
Timing Analyzer Summary
------------------------------------------------------------

Type  : Slow 1100mV 85C Model Setup 'set_fast'
Slack : -23.974
TNS   : -164.148

Type  : Slow 1100mV 85C Model Setup 'clk_50'
Slack : -11.899
TNS   : -190.238

Type  : Slow 1100mV 85C Model Hold 'set_fast'
Slack : -7.262
TNS   : -35.622

Type  : Slow 1100mV 85C Model Hold 'clk_50'
Slack : 0.368
TNS   : 0.000

Type  : Slow 1100mV 85C Model Recovery 'clk_50'
Slack : -23.887
TNS   : -382.053

Type  : Slow 1100mV 85C Model Recovery 'set_fast'
Slack : -13.655
TNS   : -109.236

Type  : Slow 1100mV 85C Model Removal 'set_fast'
Slack : 0.700
TNS   : 0.000

Type  : Slow 1100mV 85C Model Removal 'clk_50'
Slack : 0.932
TNS   : 0.000

Type  : Slow 1100mV 85C Model Minimum Pulse Width 'set_fast'
Slack : -8.613
TNS   : -6997.023

Type  : Slow 1100mV 85C Model Minimum Pulse Width 'clk_50'
Slack : -0.394
TNS   : -8.545

Type  : Slow 1100mV 85C Model Minimum Pulse Width 'new_in'
Slack : -0.394
TNS   : -5.238

Type  : Slow 1100mV 0C Model Setup 'set_fast'
Slack : -23.316
TNS   : -159.927

Type  : Slow 1100mV 0C Model Setup 'clk_50'
Slack : -11.622
TNS   : -185.802

Type  : Slow 1100mV 0C Model Hold 'set_fast'
Slack : -7.264
TNS   : -36.355

Type  : Slow 1100mV 0C Model Hold 'clk_50'
Slack : 0.370
TNS   : 0.000

Type  : Slow 1100mV 0C Model Recovery 'clk_50'
Slack : -23.752
TNS   : -379.888

Type  : Slow 1100mV 0C Model Recovery 'set_fast'
Slack : -13.064
TNS   : -104.500

Type  : Slow 1100mV 0C Model Removal 'set_fast'
Slack : 0.087
TNS   : 0.000

Type  : Slow 1100mV 0C Model Removal 'clk_50'
Slack : 0.724
TNS   : 0.000

Type  : Slow 1100mV 0C Model Minimum Pulse Width 'set_fast'
Slack : -8.596
TNS   : -7093.444

Type  : Slow 1100mV 0C Model Minimum Pulse Width 'clk_50'
Slack : -0.394
TNS   : -9.135

Type  : Slow 1100mV 0C Model Minimum Pulse Width 'new_in'
Slack : -0.394
TNS   : -5.777

Type  : Fast 1100mV 85C Model Setup 'set_fast'
Slack : -15.419
TNS   : -103.226

Type  : Fast 1100mV 85C Model Setup 'clk_50'
Slack : -6.719
TNS   : -107.430

Type  : Fast 1100mV 85C Model Hold 'set_fast'
Slack : -4.033
TNS   : -18.457

Type  : Fast 1100mV 85C Model Hold 'clk_50'
Slack : 0.199
TNS   : 0.000

Type  : Fast 1100mV 85C Model Recovery 'clk_50'
Slack : -13.408
TNS   : -214.427

Type  : Fast 1100mV 85C Model Recovery 'set_fast'
Slack : -9.763
TNS   : -78.100

Type  : Fast 1100mV 85C Model Removal 'clk_50'
Slack : 0.548
TNS   : 0.000

Type  : Fast 1100mV 85C Model Removal 'set_fast'
Slack : 1.180
TNS   : 0.000

Type  : Fast 1100mV 85C Model Minimum Pulse Width 'set_fast'
Slack : -4.763
TNS   : -3271.448

Type  : Fast 1100mV 85C Model Minimum Pulse Width 'new_in'
Slack : -0.086
TNS   : -0.844

Type  : Fast 1100mV 85C Model Minimum Pulse Width 'clk_50'
Slack : -0.080
TNS   : -1.258

Type  : Fast 1100mV 0C Model Setup 'set_fast'
Slack : -13.685
TNS   : -92.026

Type  : Fast 1100mV 0C Model Setup 'clk_50'
Slack : -5.987
TNS   : -95.721

Type  : Fast 1100mV 0C Model Hold 'set_fast'
Slack : -3.707
TNS   : -17.220

Type  : Fast 1100mV 0C Model Hold 'clk_50'
Slack : 0.188
TNS   : 0.000

Type  : Fast 1100mV 0C Model Recovery 'clk_50'
Slack : -12.252
TNS   : -195.940

Type  : Fast 1100mV 0C Model Recovery 'set_fast'
Slack : -8.596
TNS   : -68.768

Type  : Fast 1100mV 0C Model Removal 'clk_50'
Slack : 0.340
TNS   : 0.000

Type  : Fast 1100mV 0C Model Removal 'set_fast'
Slack : 0.787
TNS   : 0.000

Type  : Fast 1100mV 0C Model Minimum Pulse Width 'set_fast'
Slack : -4.338
TNS   : -3028.115

Type  : Fast 1100mV 0C Model Minimum Pulse Width 'new_in'
Slack : -0.083
TNS   : -0.815

Type  : Fast 1100mV 0C Model Minimum Pulse Width 'clk_50'
Slack : -0.080
TNS   : -1.260

------------------------------------------------------------
