------------------------------------------------------------
Timing Analyzer Summary
------------------------------------------------------------

Type  : Slow 1100mV 85C Model Setup 'Computer_System:The_System|Computer_System_ARM_A9_HPS:arm_a9_hps|Computer_System_ARM_A9_HPS_hps_io:hps_io|Computer_System_ARM_A9_HPS_hps_io_border:border|hps_sdram:hps_sdram_inst|hps_sdram_pll:pll|afi_clk_write_clk'
Slack : 1.730
TNS   : 0.000

Type  : Slow 1100mV 85C Model Setup 'The_System|system_pll|sys_pll|altera_pll_i|general[0].gpll~PLL_OUTPUT_COUNTER|divclk'
Slack : 2.273
TNS   : 0.000

Type  : Slow 1100mV 85C Model Setup 'CLOCK_50'
Slack : 13.474
TNS   : 0.000

Type  : Slow 1100mV 85C Model Hold 'Computer_System:The_System|Computer_System_ARM_A9_HPS:arm_a9_hps|Computer_System_ARM_A9_HPS_hps_io:hps_io|Computer_System_ARM_A9_HPS_hps_io_border:border|hps_sdram:hps_sdram_inst|hps_sdram_pll:pll|afi_clk_write_clk'
Slack : 0.143
TNS   : 0.000

Type  : Slow 1100mV 85C Model Hold 'The_System|system_pll|sys_pll|altera_pll_i|general[0].gpll~PLL_OUTPUT_COUNTER|divclk'
Slack : 0.288
TNS   : 0.000

Type  : Slow 1100mV 85C Model Hold 'CLOCK_50'
Slack : 0.293
TNS   : 0.000

Type  : Slow 1100mV 85C Model Recovery 'CLOCK_50'
Slack : 1.625
TNS   : 0.000

Type  : Slow 1100mV 85C Model Recovery 'Computer_System:The_System|Computer_System_ARM_A9_HPS:arm_a9_hps|Computer_System_ARM_A9_HPS_hps_io:hps_io|Computer_System_ARM_A9_HPS_hps_io_border:border|hps_sdram:hps_sdram_inst|hps_sdram_pll:pll|afi_clk_write_clk'
Slack : 3.375
TNS   : 0.000

Type  : Slow 1100mV 85C Model Recovery 'The_System|system_pll|sys_pll|altera_pll_i|general[0].gpll~PLL_OUTPUT_COUNTER|divclk'
Slack : 3.660
TNS   : 0.000

Type  : Slow 1100mV 85C Model Removal 'Computer_System:The_System|Computer_System_ARM_A9_HPS:arm_a9_hps|Computer_System_ARM_A9_HPS_hps_io:hps_io|Computer_System_ARM_A9_HPS_hps_io_border:border|hps_sdram:hps_sdram_inst|hps_sdram_pll:pll|afi_clk_write_clk'
Slack : 0.470
TNS   : 0.000

Type  : Slow 1100mV 85C Model Removal 'CLOCK_50'
Slack : 0.475
TNS   : 0.000

Type  : Slow 1100mV 85C Model Removal 'The_System|system_pll|sys_pll|altera_pll_i|general[0].gpll~PLL_OUTPUT_COUNTER|divclk'
Slack : 0.569
TNS   : 0.000

Type  : Slow 1100mV 85C Model Minimum Pulse Width 'Computer_System:The_System|Computer_System_ARM_A9_HPS:arm_a9_hps|Computer_System_ARM_A9_HPS_hps_io:hps_io|Computer_System_ARM_A9_HPS_hps_io_border:border|hps_sdram:hps_sdram_inst|hps_sdram_pll:pll|pll_write_clk_dq_write_clk'
Slack : 0.608
TNS   : 0.000

Type  : Slow 1100mV 85C Model Minimum Pulse Width 'Computer_System:The_System|Computer_System_ARM_A9_HPS:arm_a9_hps|Computer_System_ARM_A9_HPS_hps_io:hps_io|Computer_System_ARM_A9_HPS_hps_io_border:border|hps_sdram:hps_sdram_inst|hps_sdram_pll:pll|afi_clk_write_clk'
Slack : 0.623
TNS   : 0.000

Type  : Slow 1100mV 85C Model Minimum Pulse Width 'The_System|system_pll|sys_pll|altera_pll_i|general[0].gpll~FRACTIONAL_PLL|vcoph[0]'
Slack : 1.666
TNS   : 0.000

Type  : Slow 1100mV 85C Model Minimum Pulse Width 'The_System|system_pll|sys_pll|altera_pll_i|general[0].gpll~PLL_OUTPUT_COUNTER|divclk'
Slack : 3.771
TNS   : 0.000

Type  : Slow 1100mV 85C Model Minimum Pulse Width 'CLOCK_50'
Slack : 8.874
TNS   : 0.000

Type  : Slow 1100mV 0C Model Setup 'Computer_System:The_System|Computer_System_ARM_A9_HPS:arm_a9_hps|Computer_System_ARM_A9_HPS_hps_io:hps_io|Computer_System_ARM_A9_HPS_hps_io_border:border|hps_sdram:hps_sdram_inst|hps_sdram_pll:pll|afi_clk_write_clk'
Slack : 1.727
TNS   : 0.000

Type  : Slow 1100mV 0C Model Setup 'The_System|system_pll|sys_pll|altera_pll_i|general[0].gpll~PLL_OUTPUT_COUNTER|divclk'
Slack : 2.232
TNS   : 0.000

Type  : Slow 1100mV 0C Model Setup 'CLOCK_50'
Slack : 13.778
TNS   : 0.000

Type  : Slow 1100mV 0C Model Hold 'Computer_System:The_System|Computer_System_ARM_A9_HPS:arm_a9_hps|Computer_System_ARM_A9_HPS_hps_io:hps_io|Computer_System_ARM_A9_HPS_hps_io_border:border|hps_sdram:hps_sdram_inst|hps_sdram_pll:pll|afi_clk_write_clk'
Slack : 0.162
TNS   : 0.000

Type  : Slow 1100mV 0C Model Hold 'The_System|system_pll|sys_pll|altera_pll_i|general[0].gpll~PLL_OUTPUT_COUNTER|divclk'
Slack : 0.261
TNS   : 0.000

Type  : Slow 1100mV 0C Model Hold 'CLOCK_50'
Slack : 0.277
TNS   : 0.000

Type  : Slow 1100mV 0C Model Recovery 'CLOCK_50'
Slack : 1.888
TNS   : 0.000

Type  : Slow 1100mV 0C Model Recovery 'Computer_System:The_System|Computer_System_ARM_A9_HPS:arm_a9_hps|Computer_System_ARM_A9_HPS_hps_io:hps_io|Computer_System_ARM_A9_HPS_hps_io_border:border|hps_sdram:hps_sdram_inst|hps_sdram_pll:pll|afi_clk_write_clk'
Slack : 3.468
TNS   : 0.000

Type  : Slow 1100mV 0C Model Recovery 'The_System|system_pll|sys_pll|altera_pll_i|general[0].gpll~PLL_OUTPUT_COUNTER|divclk'
Slack : 4.043
TNS   : 0.000

Type  : Slow 1100mV 0C Model Removal 'CLOCK_50'
Slack : 0.374
TNS   : 0.000

Type  : Slow 1100mV 0C Model Removal 'Computer_System:The_System|Computer_System_ARM_A9_HPS:arm_a9_hps|Computer_System_ARM_A9_HPS_hps_io:hps_io|Computer_System_ARM_A9_HPS_hps_io_border:border|hps_sdram:hps_sdram_inst|hps_sdram_pll:pll|afi_clk_write_clk'
Slack : 0.460
TNS   : 0.000

Type  : Slow 1100mV 0C Model Removal 'The_System|system_pll|sys_pll|altera_pll_i|general[0].gpll~PLL_OUTPUT_COUNTER|divclk'
Slack : 0.523
TNS   : 0.000

Type  : Slow 1100mV 0C Model Minimum Pulse Width 'Computer_System:The_System|Computer_System_ARM_A9_HPS:arm_a9_hps|Computer_System_ARM_A9_HPS_hps_io:hps_io|Computer_System_ARM_A9_HPS_hps_io_border:border|hps_sdram:hps_sdram_inst|hps_sdram_pll:pll|pll_write_clk_dq_write_clk'
Slack : 0.613
TNS   : 0.000

Type  : Slow 1100mV 0C Model Minimum Pulse Width 'Computer_System:The_System|Computer_System_ARM_A9_HPS:arm_a9_hps|Computer_System_ARM_A9_HPS_hps_io:hps_io|Computer_System_ARM_A9_HPS_hps_io_border:border|hps_sdram:hps_sdram_inst|hps_sdram_pll:pll|afi_clk_write_clk'
Slack : 0.630
TNS   : 0.000

Type  : Slow 1100mV 0C Model Minimum Pulse Width 'The_System|system_pll|sys_pll|altera_pll_i|general[0].gpll~FRACTIONAL_PLL|vcoph[0]'
Slack : 1.666
TNS   : 0.000

Type  : Slow 1100mV 0C Model Minimum Pulse Width 'The_System|system_pll|sys_pll|altera_pll_i|general[0].gpll~PLL_OUTPUT_COUNTER|divclk'
Slack : 3.748
TNS   : 0.000

Type  : Slow 1100mV 0C Model Minimum Pulse Width 'CLOCK_50'
Slack : 8.906
TNS   : 0.000

Type  : Fast 1100mV 85C Model Setup 'Computer_System:The_System|Computer_System_ARM_A9_HPS:arm_a9_hps|Computer_System_ARM_A9_HPS_hps_io:hps_io|Computer_System_ARM_A9_HPS_hps_io_border:border|hps_sdram:hps_sdram_inst|hps_sdram_pll:pll|afi_clk_write_clk'
Slack : 2.110
TNS   : 0.000

Type  : Fast 1100mV 85C Model Setup 'The_System|system_pll|sys_pll|altera_pll_i|general[0].gpll~PLL_OUTPUT_COUNTER|divclk'
Slack : 5.366
TNS   : 0.000

Type  : Fast 1100mV 85C Model Setup 'CLOCK_50'
Slack : 15.559
TNS   : 0.000

Type  : Fast 1100mV 85C Model Hold 'Computer_System:The_System|Computer_System_ARM_A9_HPS:arm_a9_hps|Computer_System_ARM_A9_HPS_hps_io:hps_io|Computer_System_ARM_A9_HPS_hps_io_border:border|hps_sdram:hps_sdram_inst|hps_sdram_pll:pll|afi_clk_write_clk'
Slack : 0.084
TNS   : 0.000

Type  : Fast 1100mV 85C Model Hold 'The_System|system_pll|sys_pll|altera_pll_i|general[0].gpll~PLL_OUTPUT_COUNTER|divclk'
Slack : 0.159
TNS   : 0.000

Type  : Fast 1100mV 85C Model Hold 'CLOCK_50'
Slack : 0.164
TNS   : 0.000

Type  : Fast 1100mV 85C Model Recovery 'Computer_System:The_System|Computer_System_ARM_A9_HPS:arm_a9_hps|Computer_System_ARM_A9_HPS_hps_io:hps_io|Computer_System_ARM_A9_HPS_hps_io_border:border|hps_sdram:hps_sdram_inst|hps_sdram_pll:pll|afi_clk_write_clk'
Slack : 3.727
TNS   : 0.000

Type  : Fast 1100mV 85C Model Recovery 'CLOCK_50'
Slack : 4.883
TNS   : 0.000

Type  : Fast 1100mV 85C Model Recovery 'The_System|system_pll|sys_pll|altera_pll_i|general[0].gpll~PLL_OUTPUT_COUNTER|divclk'
Slack : 5.229
TNS   : 0.000

Type  : Fast 1100mV 85C Model Removal 'CLOCK_50'
Slack : 0.257
TNS   : 0.000

Type  : Fast 1100mV 85C Model Removal 'The_System|system_pll|sys_pll|altera_pll_i|general[0].gpll~PLL_OUTPUT_COUNTER|divclk'
Slack : 0.301
TNS   : 0.000

Type  : Fast 1100mV 85C Model Removal 'Computer_System:The_System|Computer_System_ARM_A9_HPS:arm_a9_hps|Computer_System_ARM_A9_HPS_hps_io:hps_io|Computer_System_ARM_A9_HPS_hps_io_border:border|hps_sdram:hps_sdram_inst|hps_sdram_pll:pll|afi_clk_write_clk'
Slack : 0.497
TNS   : 0.000

Type  : Fast 1100mV 85C Model Minimum Pulse Width 'Computer_System:The_System|Computer_System_ARM_A9_HPS:arm_a9_hps|Computer_System_ARM_A9_HPS_hps_io:hps_io|Computer_System_ARM_A9_HPS_hps_io_border:border|hps_sdram:hps_sdram_inst|hps_sdram_pll:pll|pll_write_clk_dq_write_clk'
Slack : 0.883
TNS   : 0.000

Type  : Fast 1100mV 85C Model Minimum Pulse Width 'Computer_System:The_System|Computer_System_ARM_A9_HPS:arm_a9_hps|Computer_System_ARM_A9_HPS_hps_io:hps_io|Computer_System_ARM_A9_HPS_hps_io_border:border|hps_sdram:hps_sdram_inst|hps_sdram_pll:pll|afi_clk_write_clk'
Slack : 0.891
TNS   : 0.000

Type  : Fast 1100mV 85C Model Minimum Pulse Width 'The_System|system_pll|sys_pll|altera_pll_i|general[0].gpll~FRACTIONAL_PLL|vcoph[0]'
Slack : 1.666
TNS   : 0.000

Type  : Fast 1100mV 85C Model Minimum Pulse Width 'The_System|system_pll|sys_pll|altera_pll_i|general[0].gpll~PLL_OUTPUT_COUNTER|divclk'
Slack : 3.887
TNS   : 0.000

Type  : Fast 1100mV 85C Model Minimum Pulse Width 'CLOCK_50'
Slack : 8.476
TNS   : 0.000

Type  : Fast 1100mV 0C Model Setup 'Computer_System:The_System|Computer_System_ARM_A9_HPS:arm_a9_hps|Computer_System_ARM_A9_HPS_hps_io:hps_io|Computer_System_ARM_A9_HPS_hps_io_border:border|hps_sdram:hps_sdram_inst|hps_sdram_pll:pll|afi_clk_write_clk'
Slack : 2.110
TNS   : 0.000

Type  : Fast 1100mV 0C Model Setup 'The_System|system_pll|sys_pll|altera_pll_i|general[0].gpll~PLL_OUTPUT_COUNTER|divclk'
Slack : 5.735
TNS   : 0.000

Type  : Fast 1100mV 0C Model Setup 'CLOCK_50'
Slack : 16.091
TNS   : 0.000

Type  : Fast 1100mV 0C Model Hold 'Computer_System:The_System|Computer_System_ARM_A9_HPS:arm_a9_hps|Computer_System_ARM_A9_HPS_hps_io:hps_io|Computer_System_ARM_A9_HPS_hps_io_border:border|hps_sdram:hps_sdram_inst|hps_sdram_pll:pll|afi_clk_write_clk'
Slack : 0.077
TNS   : 0.000

Type  : Fast 1100mV 0C Model Hold 'CLOCK_50'
Slack : 0.150
TNS   : 0.000

Type  : Fast 1100mV 0C Model Hold 'The_System|system_pll|sys_pll|altera_pll_i|general[0].gpll~PLL_OUTPUT_COUNTER|divclk'
Slack : 0.160
TNS   : 0.000

Type  : Fast 1100mV 0C Model Recovery 'Computer_System:The_System|Computer_System_ARM_A9_HPS:arm_a9_hps|Computer_System_ARM_A9_HPS_hps_io:hps_io|Computer_System_ARM_A9_HPS_hps_io_border:border|hps_sdram:hps_sdram_inst|hps_sdram_pll:pll|afi_clk_write_clk'
Slack : 3.825
TNS   : 0.000

Type  : Fast 1100mV 0C Model Recovery 'CLOCK_50'
Slack : 5.250
TNS   : 0.000

Type  : Fast 1100mV 0C Model Recovery 'The_System|system_pll|sys_pll|altera_pll_i|general[0].gpll~PLL_OUTPUT_COUNTER|divclk'
Slack : 6.008
TNS   : 0.000

Type  : Fast 1100mV 0C Model Removal 'CLOCK_50'
Slack : 0.198
TNS   : 0.000

Type  : Fast 1100mV 0C Model Removal 'The_System|system_pll|sys_pll|altera_pll_i|general[0].gpll~PLL_OUTPUT_COUNTER|divclk'
Slack : 0.271
TNS   : 0.000

Type  : Fast 1100mV 0C Model Removal 'Computer_System:The_System|Computer_System_ARM_A9_HPS:arm_a9_hps|Computer_System_ARM_A9_HPS_hps_io:hps_io|Computer_System_ARM_A9_HPS_hps_io_border:border|hps_sdram:hps_sdram_inst|hps_sdram_pll:pll|afi_clk_write_clk'
Slack : 0.473
TNS   : 0.000

Type  : Fast 1100mV 0C Model Minimum Pulse Width 'Computer_System:The_System|Computer_System_ARM_A9_HPS:arm_a9_hps|Computer_System_ARM_A9_HPS_hps_io:hps_io|Computer_System_ARM_A9_HPS_hps_io_border:border|hps_sdram:hps_sdram_inst|hps_sdram_pll:pll|pll_write_clk_dq_write_clk'
Slack : 0.887
TNS   : 0.000

Type  : Fast 1100mV 0C Model Minimum Pulse Width 'Computer_System:The_System|Computer_System_ARM_A9_HPS:arm_a9_hps|Computer_System_ARM_A9_HPS_hps_io:hps_io|Computer_System_ARM_A9_HPS_hps_io_border:border|hps_sdram:hps_sdram_inst|hps_sdram_pll:pll|afi_clk_write_clk'
Slack : 0.894
TNS   : 0.000

Type  : Fast 1100mV 0C Model Minimum Pulse Width 'The_System|system_pll|sys_pll|altera_pll_i|general[0].gpll~FRACTIONAL_PLL|vcoph[0]'
Slack : 1.666
TNS   : 0.000

Type  : Fast 1100mV 0C Model Minimum Pulse Width 'The_System|system_pll|sys_pll|altera_pll_i|general[0].gpll~PLL_OUTPUT_COUNTER|divclk'
Slack : 3.885
TNS   : 0.000

Type  : Fast 1100mV 0C Model Minimum Pulse Width 'CLOCK_50'
Slack : 8.433
TNS   : 0.000

------------------------------------------------------------
Info: see the "DDR report" for DDR timing results
------------------------------------------------------------
------------------------------------------------------------
